------------------------------------------------------------
TimeQuest Timing Analyzer Summary
------------------------------------------------------------

Type  : Slow 1200mV 85C Model Setup 'p3|altpll_component|auto_generated|pll1|clk[0]'
Slack : 75.068
TNS   : 0.000

Type  : Slow 1200mV 85C Model Hold 'p3|altpll_component|auto_generated|pll1|clk[0]'
Slack : 0.307
TNS   : 0.000

Type  : Slow 1200mV 85C Model Minimum Pulse Width 'clk_50MHz'
Slack : 9.825
TNS   : 0.000

Type  : Slow 1200mV 85C Model Minimum Pulse Width 'p3|altpll_component|auto_generated|pll1|clk[0]'
Slack : 41.402
TNS   : 0.000

Type  : Slow 1200mV 0C Model Setup 'p3|altpll_component|auto_generated|pll1|clk[0]'
Slack : 75.942
TNS   : 0.000

Type  : Slow 1200mV 0C Model Hold 'p3|altpll_component|auto_generated|pll1|clk[0]'
Slack : 0.300
TNS   : 0.000

Type  : Slow 1200mV 0C Model Minimum Pulse Width 'clk_50MHz'
Slack : 9.785
TNS   : 0.000

Type  : Slow 1200mV 0C Model Minimum Pulse Width 'p3|altpll_component|auto_generated|pll1|clk[0]'
Slack : 41.408
TNS   : 0.000

Type  : Fast 1200mV 0C Model Setup 'p3|altpll_component|auto_generated|pll1|clk[0]'
Slack : 78.777
TNS   : 0.000

Type  : Fast 1200mV 0C Model Hold 'p3|altpll_component|auto_generated|pll1|clk[0]'
Slack : 0.154
TNS   : 0.000

Type  : Fast 1200mV 0C Model Minimum Pulse Width 'clk_50MHz'
Slack : 9.585
TNS   : 0.000

Type  : Fast 1200mV 0C Model Minimum Pulse Width 'p3|altpll_component|auto_generated|pll1|clk[0]'
Slack : 41.413
TNS   : 0.000

------------------------------------------------------------
